loaded 312 universal m=2 pair-symmetric rules
proxy passers: 144/312 (1s)
passer fixed points: {'6146177461461774': 16, '6174617461746174': 16, '6177461461774614': 16, '1461774614617746': 24, '1466177414661774': 8, '1746174617461746': 24, '1746617417466174': 8, '1774614617746146': 24, '1774661417746614': 8}

=== FULL d=16 basins for passers ===
  base F=61461774 partition=[[0, 3], [1, 4], [5, 6], [2, 7]] -> F16=6146177461461774: 2042965/2042965 UNIVERSAL (10s)
  base F=61461774 partition=[[0, 3], [1, 4], [5, 6], [2, 7]] -> F16=6146177461461774: 2042965/2042965 UNIVERSAL (10s)
  base F=61461774 partition=[[0, 3], [1, 4], [5, 6], [2, 7]] -> F16=6146177461461774: 2042965/2042965 UNIVERSAL (10s)
  base F=61461774 partition=[[0, 3], [1, 4], [5, 6], [2, 7]] -> F16=6146177461461774: 2042965/2042965 UNIVERSAL (10s)
  base F=61461774 partition=[[0, 3], [1, 4], [5, 6], [2, 7]] -> F16=6146177461461774: 2042965/2042965 UNIVERSAL (10s)
  base F=61461774 partition=[[0, 3], [1, 4], [5, 6], [2, 7]] -> F16=6146177461461774: 2042965/2042965 UNIVERSAL (10s)
  base F=61461774 partition=[[0, 3], [1, 4], [5, 6], [2, 7]] -> F16=6146177461461774: 2042965/2042965 UNIVERSAL (10s)
  base F=61461774 partition=[[0, 3], [1, 4], [5, 6], [2, 7]] -> F16=6146177461461774: 2042965/2042965 UNIVERSAL (10s)
  base F=61746174 partition=[[0, 4], [1, 5], [2, 6], [3, 7]] -> F16=6174617461746174: 2042965/2042965 UNIVERSAL (10s)
  base F=61746174 partition=[[0, 4], [1, 5], [2, 6], [3, 7]] -> F16=6174617461746174: 2042965/2042965 UNIVERSAL (10s)
  base F=61746174 partition=[[0, 4], [1, 5], [2, 6], [3, 7]] -> F16=6174617461746174: 2042965/2042965 UNIVERSAL (10s)
  base F=61746174 partition=[[0, 4], [1, 5], [2, 6], [3, 7]] -> F16=6174617461746174: 2042965/2042965 UNIVERSAL (10s)
  base F=61746174 partition=[[0, 4], [1, 5], [2, 6], [3, 7]] -> F16=6174617461746174: 2042965/2042965 UNIVERSAL (10s)
  base F=61746174 partition=[[0, 4], [1, 5], [2, 6], [3, 7]] -> F16=6174617461746174: 2042965/2042965 UNIVERSAL (10s)
  base F=61746174 partition=[[0, 4], [1, 5], [2, 6], [3, 7]] -> F16=6174617461746174: 2042965/2042965 UNIVERSAL (10s)
  base F=61746174 partition=[[0, 4], [1, 5], [2, 6], [3, 7]] -> F16=6174617461746174: 2042965/2042965 UNIVERSAL (10s)
  base F=61774614 partition=[[0, 5], [1, 6], [2, 3], [4, 7]] -> F16=6177461461774614: 2042965/2042965 UNIVERSAL (10s)
  base F=61774614 partition=[[0, 5], [1, 6], [2, 3], [4, 7]] -> F16=6177461461774614: 2042965/2042965 UNIVERSAL (10s)
  base F=61774614 partition=[[0, 5], [1, 6], [2, 3], [4, 7]] -> F16=6177461461774614: 2042965/2042965 UNIVERSAL (10s)
  base F=61774614 partition=[[0, 5], [1, 6], [2, 3], [4, 7]] -> F16=6177461461774614: 2042965/2042965 UNIVERSAL (10s)
  base F=61774614 partition=[[0, 5], [1, 6], [2, 3], [4, 7]] -> F16=6177461461774614: 2042965/2042965 UNIVERSAL (10s)
  base F=61774614 partition=[[0, 5], [1, 6], [2, 3], [4, 7]] -> F16=6177461461774614: 2042965/2042965 UNIVERSAL (10s)
  base F=61774614 partition=[[0, 5], [1, 6], [2, 3], [4, 7]] -> F16=6177461461774614: 2042965/2042965 UNIVERSAL (10s)
  base F=61774614 partition=[[0, 5], [1, 6], [2, 3], [4, 7]] -> F16=6177461461774614: 2042965/2042965 UNIVERSAL (11s)
  base F=14617746 partition=[[1, 6], [4, 5], [0, 3], [2, 7]] -> F16=1461774614617746: 2042965/2042965 UNIVERSAL (11s)
  base F=14617746 partition=[[1, 6], [4, 5], [0, 3], [2, 7]] -> F16=1461774614617746: 2042965/2042965 UNIVERSAL (11s)
  base F=14617746 partition=[[1, 6], [4, 5], [0, 3], [2, 7]] -> F16=1461774614617746: 2042965/2042965 UNIVERSAL (11s)
  base F=14617746 partition=[[1, 6], [4, 5], [0, 3], [2, 7]] -> F16=1461774614617746: 2042965/2042965 UNIVERSAL (11s)
  base F=14617746 partition=[[1, 6], [4, 5], [0, 3], [2, 7]] -> F16=1461774614617746: 2042965/2042965 UNIVERSAL (11s)
  base F=14617746 partition=[[1, 6], [4, 5], [0, 3], [2, 7]] -> F16=1461774614617746: 2042965/2042965 UNIVERSAL (12s)
  base F=14617746 partition=[[1, 6], [4, 5], [0, 3], [2, 7]] -> F16=1461774614617746: 2042965/2042965 UNIVERSAL (13s)
  base F=14617746 partition=[[1, 6], [4, 5], [0, 3], [2, 7]] -> F16=1461774614617746: 2042965/2042965 UNIVERSAL (13s)
  base F=14617746 partition=[[1, 6], [4, 5], [0, 3], [2, 7]] -> F16=1461774614617746: 2042965/2042965 UNIVERSAL (13s)
  base F=14617746 partition=[[1, 6], [4, 5], [0, 3], [2, 7]] -> F16=1461774614617746: 2042965/2042965 UNIVERSAL (13s)
  base F=14617746 partition=[[1, 6], [4, 5], [0, 3], [2, 7]] -> F16=1461774614617746: 2042965/2042965 UNIVERSAL (13s)
  base F=14617746 partition=[[1, 6], [4, 5], [0, 3], [2, 7]] -> F16=1461774614617746: 2042965/2042965 UNIVERSAL (13s)
  base F=14661774 partition=[[1, 7], [5, 6], [0, 4], [2, 3]] -> F16=1466177414661774: 2042965/2042965 UNIVERSAL (13s)
  base F=14661774 partition=[[1, 7], [5, 6], [0, 4], [2, 3]] -> F16=1466177414661774: 2042965/2042965 UNIVERSAL (15s)
  base F=14661774 partition=[[1, 7], [5, 6], [0, 4], [2, 3]] -> F16=1466177414661774: 2042965/2042965 UNIVERSAL (16s)
  base F=14661774 partition=[[1, 7], [5, 6], [0, 4], [2, 3]] -> F16=1466177414661774: 2042965/2042965 UNIVERSAL (15s)
  base F=14661774 partition=[[2, 3], [0, 4], [5, 6], [1, 7]] -> F16=1466177414661774: 2042965/2042965 UNIVERSAL (14s)
  base F=14661774 partition=[[2, 3], [0, 4], [5, 6], [1, 7]] -> F16=1466177414661774: 2042965/2042965 UNIVERSAL (14s)
  base F=14661774 partition=[[2, 3], [0, 4], [5, 6], [1, 7]] -> F16=1466177414661774: 2042965/2042965 UNIVERSAL (14s)
  base F=14661774 partition=[[2, 3], [0, 4], [5, 6], [1, 7]] -> F16=1466177414661774: 2042965/2042965 UNIVERSAL (14s)
  base F=17461746 partition=[[2, 6], [1, 5], [0, 4], [3, 7]] -> F16=1746174617461746: 2042965/2042965 UNIVERSAL (14s)
  base F=17461746 partition=[[2, 6], [1, 5], [0, 4], [3, 7]] -> F16=1746174617461746: 2042965/2042965 UNIVERSAL (14s)
  base F=17461746 partition=[[2, 6], [1, 5], [0, 4], [3, 7]] -> F16=1746174617461746: 2042965/2042965 UNIVERSAL (13s)
  base F=17461746 partition=[[2, 6], [1, 5], [0, 4], [3, 7]] -> F16=1746174617461746: 2042965/2042965 UNIVERSAL (12s)
  base F=17461746 partition=[[2, 6], [1, 5], [0, 4], [3, 7]] -> F16=1746174617461746: 2042965/2042965 UNIVERSAL (12s)
  base F=17461746 partition=[[2, 6], [1, 5], [0, 4], [3, 7]] -> F16=1746174617461746: 2042965/2042965 UNIVERSAL (12s)
  base F=17461746 partition=[[2, 6], [1, 5], [0, 4], [3, 7]] -> F16=1746174617461746: 2042965/2042965 UNIVERSAL (12s)
  base F=17461746 partition=[[2, 6], [1, 5], [0, 4], [3, 7]] -> F16=1746174617461746: 2042965/2042965 UNIVERSAL (12s)
  base F=17461746 partition=[[2, 6], [1, 5], [0, 4], [3, 7]] -> F16=1746174617461746: 2042965/2042965 UNIVERSAL (12s)
  base F=17461746 partition=[[2, 6], [1, 5], [0, 4], [3, 7]] -> F16=1746174617461746: 2042965/2042965 UNIVERSAL (12s)
  base F=17461746 partition=[[2, 6], [1, 5], [0, 4], [3, 7]] -> F16=1746174617461746: 2042965/2042965 UNIVERSAL (12s)
  base F=17461746 partition=[[2, 6], [1, 5], [0, 4], [3, 7]] -> F16=1746174617461746: 2042965/2042965 UNIVERSAL (12s)
  base F=14617746 partition=[[2, 7], [0, 3], [4, 5], [1, 6]] -> F16=1461774614617746: 2042965/2042965 UNIVERSAL (12s)
  base F=14617746 partition=[[2, 7], [0, 3], [4, 5], [1, 6]] -> F16=1461774614617746: 2042965/2042965 UNIVERSAL (12s)
  base F=14617746 partition=[[2, 7], [0, 3], [4, 5], [1, 6]] -> F16=1461774614617746: 2042965/2042965 UNIVERSAL (12s)
  base F=14617746 partition=[[2, 7], [0, 3], [4, 5], [1, 6]] -> F16=1461774614617746: 2042965/2042965 UNIVERSAL (12s)
  base F=14617746 partition=[[2, 7], [0, 3], [4, 5], [1, 6]] -> F16=1461774614617746: 2042965/2042965 UNIVERSAL (12s)
  base F=14617746 partition=[[2, 7], [0, 3], [4, 5], [1, 6]] -> F16=1461774614617746: 2042965/2042965 UNIVERSAL (12s)
  base F=14617746 partition=[[2, 7], [0, 3], [4, 5], [1, 6]] -> F16=1461774614617746: 2042965/2042965 UNIVERSAL (12s)
  base F=14617746 partition=[[2, 7], [0, 3], [4, 5], [1, 6]] -> F16=1461774614617746: 2042965/2042965 UNIVERSAL (12s)
  base F=14617746 partition=[[2, 7], [0, 3], [4, 5], [1, 6]] -> F16=1461774614617746: 2042965/2042965 UNIVERSAL (12s)
  base F=14617746 partition=[[2, 7], [0, 3], [4, 5], [1, 6]] -> F16=1461774614617746: 2042965/2042965 UNIVERSAL (12s)
  base F=14617746 partition=[[2, 7], [0, 3], [4, 5], [1, 6]] -> F16=1461774614617746: 2042965/2042965 UNIVERSAL (10s)
  base F=14617746 partition=[[2, 7], [0, 3], [4, 5], [1, 6]] -> F16=1461774614617746: 2042965/2042965 UNIVERSAL (10s)
  base F=17466174 partition=[[2, 7], [1, 6], [0, 5], [3, 4]] -> F16=1746617417466174: 2042965/2042965 UNIVERSAL (10s)
  base F=17466174 partition=[[2, 7], [1, 6], [0, 5], [3, 4]] -> F16=1746617417466174: 2042965/2042965 UNIVERSAL (10s)
  base F=17466174 partition=[[2, 7], [1, 6], [0, 5], [3, 4]] -> F16=1746617417466174: 2042965/2042965 UNIVERSAL (10s)
  base F=17466174 partition=[[2, 7], [1, 6], [0, 5], [3, 4]] -> F16=1746617417466174: 2042965/2042965 UNIVERSAL (10s)
  base F=61461774 partition=[[2, 7], [5, 6], [1, 4], [0, 3]] -> F16=6146177461461774: 2042965/2042965 UNIVERSAL (10s)
  base F=61461774 partition=[[2, 7], [5, 6], [1, 4], [0, 3]] -> F16=6146177461461774: 2042965/2042965 UNIVERSAL (10s)
  base F=61461774 partition=[[2, 7], [5, 6], [1, 4], [0, 3]] -> F16=6146177461461774: 2042965/2042965 UNIVERSAL (10s)
  base F=61461774 partition=[[2, 7], [5, 6], [1, 4], [0, 3]] -> F16=6146177461461774: 2042965/2042965 UNIVERSAL (10s)
  base F=61461774 partition=[[2, 7], [5, 6], [1, 4], [0, 3]] -> F16=6146177461461774: 2042965/2042965 UNIVERSAL (10s)
  base F=61461774 partition=[[2, 7], [5, 6], [1, 4], [0, 3]] -> F16=6146177461461774: 2042965/2042965 UNIVERSAL (10s)
  base F=61461774 partition=[[2, 7], [5, 6], [1, 4], [0, 3]] -> F16=6146177461461774: 2042965/2042965 UNIVERSAL (10s)
  base F=61461774 partition=[[2, 7], [5, 6], [1, 4], [0, 3]] -> F16=6146177461461774: 2042965/2042965 UNIVERSAL (10s)
  base F=17466174 partition=[[3, 4], [0, 5], [1, 6], [2, 7]] -> F16=1746617417466174: 2042965/2042965 UNIVERSAL (10s)
  base F=17466174 partition=[[3, 4], [0, 5], [1, 6], [2, 7]] -> F16=1746617417466174: 2042965/2042965 UNIVERSAL (10s)
  base F=17466174 partition=[[3, 4], [0, 5], [1, 6], [2, 7]] -> F16=1746617417466174: 2042965/2042965 UNIVERSAL (10s)
  base F=17466174 partition=[[3, 4], [0, 5], [1, 6], [2, 7]] -> F16=1746617417466174: 2042965/2042965 UNIVERSAL (10s)
  base F=17746146 partition=[[3, 6], [1, 2], [0, 5], [4, 7]] -> F16=1774614617746146: 2042965/2042965 UNIVERSAL (10s)
  base F=17746146 partition=[[3, 6], [1, 2], [0, 5], [4, 7]] -> F16=1774614617746146: 2042965/2042965 UNIVERSAL (10s)
  base F=17746146 partition=[[3, 6], [1, 2], [0, 5], [4, 7]] -> F16=1774614617746146: 2042965/2042965 UNIVERSAL (10s)
  base F=17746146 partition=[[3, 6], [1, 2], [0, 5], [4, 7]] -> F16=1774614617746146: 2042965/2042965 UNIVERSAL (10s)
  base F=17746146 partition=[[3, 6], [1, 2], [0, 5], [4, 7]] -> F16=1774614617746146: 2042965/2042965 UNIVERSAL (10s)
  base F=17746146 partition=[[3, 6], [1, 2], [0, 5], [4, 7]] -> F16=1774614617746146: 2042965/2042965 UNIVERSAL (10s)
  base F=17746146 partition=[[3, 6], [1, 2], [0, 5], [4, 7]] -> F16=1774614617746146: 2042965/2042965 UNIVERSAL (10s)
  base F=17746146 partition=[[3, 6], [1, 2], [0, 5], [4, 7]] -> F16=1774614617746146: 2042965/2042965 UNIVERSAL (10s)
  base F=17746146 partition=[[3, 6], [1, 2], [0, 5], [4, 7]] -> F16=1774614617746146: 2042965/2042965 UNIVERSAL (10s)
  base F=17746146 partition=[[3, 6], [1, 2], [0, 5], [4, 7]] -> F16=1774614617746146: 2042965/2042965 UNIVERSAL (10s)
  base F=17746146 partition=[[3, 6], [1, 2], [0, 5], [4, 7]] -> F16=1774614617746146: 2042965/2042965 UNIVERSAL (10s)
  base F=17746146 partition=[[3, 6], [1, 2], [0, 5], [4, 7]] -> F16=1774614617746146: 2042965/2042965 UNIVERSAL (10s)
  base F=17461746 partition=[[3, 7], [0, 4], [1, 5], [2, 6]] -> F16=1746174617461746: 2042965/2042965 UNIVERSAL (10s)
  base F=17461746 partition=[[3, 7], [0, 4], [1, 5], [2, 6]] -> F16=1746174617461746: 2042965/2042965 UNIVERSAL (10s)
  base F=17461746 partition=[[3, 7], [0, 4], [1, 5], [2, 6]] -> F16=1746174617461746: 2042965/2042965 UNIVERSAL (10s)
  base F=17461746 partition=[[3, 7], [0, 4], [1, 5], [2, 6]] -> F16=1746174617461746: 2042965/2042965 UNIVERSAL (10s)
  base F=17461746 partition=[[3, 7], [0, 4], [1, 5], [2, 6]] -> F16=1746174617461746: 2042965/2042965 UNIVERSAL (10s)
  base F=17461746 partition=[[3, 7], [0, 4], [1, 5], [2, 6]] -> F16=1746174617461746: 2042965/2042965 UNIVERSAL (10s)
  base F=17461746 partition=[[3, 7], [0, 4], [1, 5], [2, 6]] -> F16=1746174617461746: 2042965/2042965 UNIVERSAL (10s)
  base F=17461746 partition=[[3, 7], [0, 4], [1, 5], [2, 6]] -> F16=1746174617461746: 2042965/2042965 UNIVERSAL (10s)
  base F=17461746 partition=[[3, 7], [0, 4], [1, 5], [2, 6]] -> F16=1746174617461746: 2042965/2042965 UNIVERSAL (10s)
  base F=17461746 partition=[[3, 7], [0, 4], [1, 5], [2, 6]] -> F16=1746174617461746: 2042965/2042965 UNIVERSAL (10s)
  base F=17461746 partition=[[3, 7], [0, 4], [1, 5], [2, 6]] -> F16=1746174617461746: 2042965/2042965 UNIVERSAL (10s)
  base F=17461746 partition=[[3, 7], [0, 4], [1, 5], [2, 6]] -> F16=1746174617461746: 2042965/2042965 UNIVERSAL (10s)
  base F=17746614 partition=[[3, 7], [1, 2], [0, 6], [4, 5]] -> F16=1774661417746614: 2042965/2042965 UNIVERSAL (10s)
  base F=17746614 partition=[[3, 7], [1, 2], [0, 6], [4, 5]] -> F16=1774661417746614: 2042965/2042965 UNIVERSAL (10s)
  base F=17746614 partition=[[3, 7], [1, 2], [0, 6], [4, 5]] -> F16=1774661417746614: 2042965/2042965 UNIVERSAL (10s)
  base F=17746614 partition=[[3, 7], [1, 2], [0, 6], [4, 5]] -> F16=1774661417746614: 2042965/2042965 UNIVERSAL (10s)
  base F=61746174 partition=[[3, 7], [2, 6], [1, 5], [0, 4]] -> F16=6174617461746174: 2042965/2042965 UNIVERSAL (10s)
  base F=61746174 partition=[[3, 7], [2, 6], [1, 5], [0, 4]] -> F16=6174617461746174: 2042965/2042965 UNIVERSAL (10s)
  base F=61746174 partition=[[3, 7], [2, 6], [1, 5], [0, 4]] -> F16=6174617461746174: 2042965/2042965 UNIVERSAL (10s)
  base F=61746174 partition=[[3, 7], [2, 6], [1, 5], [0, 4]] -> F16=6174617461746174: 2042965/2042965 UNIVERSAL (10s)
  base F=61746174 partition=[[3, 7], [2, 6], [1, 5], [0, 4]] -> F16=6174617461746174: 2042965/2042965 UNIVERSAL (10s)
  base F=61746174 partition=[[3, 7], [2, 6], [1, 5], [0, 4]] -> F16=6174617461746174: 2042965/2042965 UNIVERSAL (10s)
  base F=61746174 partition=[[3, 7], [2, 6], [1, 5], [0, 4]] -> F16=6174617461746174: 2042965/2042965 UNIVERSAL (10s)
  base F=61746174 partition=[[3, 7], [2, 6], [1, 5], [0, 4]] -> F16=6174617461746174: 2042965/2042965 UNIVERSAL (10s)
  base F=17746614 partition=[[4, 5], [0, 6], [1, 2], [3, 7]] -> F16=1774661417746614: 2042965/2042965 UNIVERSAL (10s)
  base F=17746614 partition=[[4, 5], [0, 6], [1, 2], [3, 7]] -> F16=1774661417746614: 2042965/2042965 UNIVERSAL (10s)
  base F=17746614 partition=[[4, 5], [0, 6], [1, 2], [3, 7]] -> F16=1774661417746614: 2042965/2042965 UNIVERSAL (10s)
  base F=17746614 partition=[[4, 5], [0, 6], [1, 2], [3, 7]] -> F16=1774661417746614: 2042965/2042965 UNIVERSAL (10s)
  base F=17746146 partition=[[4, 7], [0, 5], [1, 2], [3, 6]] -> F16=1774614617746146: 2042965/2042965 UNIVERSAL (10s)
  base F=17746146 partition=[[4, 7], [0, 5], [1, 2], [3, 6]] -> F16=1774614617746146: 2042965/2042965 UNIVERSAL (10s)
  base F=17746146 partition=[[4, 7], [0, 5], [1, 2], [3, 6]] -> F16=1774614617746146: 2042965/2042965 UNIVERSAL (10s)
  base F=17746146 partition=[[4, 7], [0, 5], [1, 2], [3, 6]] -> F16=1774614617746146: 2042965/2042965 UNIVERSAL (10s)
  base F=17746146 partition=[[4, 7], [0, 5], [1, 2], [3, 6]] -> F16=1774614617746146: 2042965/2042965 UNIVERSAL (10s)
  base F=17746146 partition=[[4, 7], [0, 5], [1, 2], [3, 6]] -> F16=1774614617746146: 2042965/2042965 UNIVERSAL (10s)
  base F=17746146 partition=[[4, 7], [0, 5], [1, 2], [3, 6]] -> F16=1774614617746146: 2042965/2042965 UNIVERSAL (10s)
  base F=17746146 partition=[[4, 7], [0, 5], [1, 2], [3, 6]] -> F16=1774614617746146: 2042965/2042965 UNIVERSAL (10s)
  base F=17746146 partition=[[4, 7], [0, 5], [1, 2], [3, 6]] -> F16=1774614617746146: 2042965/2042965 UNIVERSAL (10s)
  base F=17746146 partition=[[4, 7], [0, 5], [1, 2], [3, 6]] -> F16=1774614617746146: 2042965/2042965 UNIVERSAL (10s)
  base F=17746146 partition=[[4, 7], [0, 5], [1, 2], [3, 6]] -> F16=1774614617746146: 2042965/2042965 UNIVERSAL (10s)
  base F=17746146 partition=[[4, 7], [0, 5], [1, 2], [3, 6]] -> F16=1774614617746146: 2042965/2042965 UNIVERSAL (10s)
  base F=61774614 partition=[[4, 7], [2, 3], [1, 6], [0, 5]] -> F16=6177461461774614: 2042965/2042965 UNIVERSAL (10s)
  base F=61774614 partition=[[4, 7], [2, 3], [1, 6], [0, 5]] -> F16=6177461461774614: 2042965/2042965 UNIVERSAL (10s)
  base F=61774614 partition=[[4, 7], [2, 3], [1, 6], [0, 5]] -> F16=6177461461774614: 2042965/2042965 UNIVERSAL (10s)
  base F=61774614 partition=[[4, 7], [2, 3], [1, 6], [0, 5]] -> F16=6177461461774614: 2042965/2042965 UNIVERSAL (10s)
  base F=61774614 partition=[[4, 7], [2, 3], [1, 6], [0, 5]] -> F16=6177461461774614: 2042965/2042965 UNIVERSAL (10s)
  base F=61774614 partition=[[4, 7], [2, 3], [1, 6], [0, 5]] -> F16=6177461461774614: 2042965/2042965 UNIVERSAL (10s)
  base F=61774614 partition=[[4, 7], [2, 3], [1, 6], [0, 5]] -> F16=6177461461774614: 2042965/2042965 UNIVERSAL (10s)
  base F=61774614 partition=[[4, 7], [2, 3], [1, 6], [0, 5]] -> F16=6177461461774614: 2042965/2042965 UNIVERSAL (10s)

fold_2-surviving universal rules at m=4: 144/312
