  2,000,000 done, F:2,000,000 other:0 (25s)
  4,000,000 done, F:4,000,000 other:0 (49s)
  6,000,000 done, F:6,000,000 other:0 (75s)
  8,000,000 done, F:8,000,000 other:0 (103s)
  10,000,000 done, F:10,000,000 other:0 (133s)
  12,000,000 done, F:12,000,000 other:0 (162s)
  14,000,000 done, F:14,000,000 other:0 (194s)
  16,000,000 done, F:16,000,000 other:0 (227s)
  18,000,000 done, F:18,000,000 other:0 (258s)
  20,000,000 done, F:20,000,000 other:0 (288s)
  22,000,000 done, F:22,000,000 other:0 (319s)
  24,000,000 done, F:24,000,000 other:0 (346s)
  26,000,000 done, F:26,000,000 other:0 (373s)
  28,000,000 done, F:28,000,000 other:0 (399s)
  30,000,000 done, F:30,000,000 other:0 (426s)
  32,000,000 done, F:32,000,000 other:0 (453s)
  34,000,000 done, F:34,000,000 other:0 (480s)
  36,000,000 done, F:36,000,000 other:0 (506s)
  38,000,000 done, F:38,000,000 other:0 (533s)

TOTAL admissible (non-repdigit): 38,567,090
reach F24=666141417774666141417774: 38,567,090
other: 0
UNIVERSAL: True
elapsed 540s
